// Jest Snapshot v1, https://goo.gl/fbAQLP

exports[`ScheduleView component renders correct data loaded from serverless 1`] = `
{
  "asFragment": [Function],
  "baseElement": <body>
    <div>
      <div
        class="css-zylmng"
      >
        <div
          class="css-b3ml4e"
        >
          <h3
            class="css-n8ur01"
            data-paste-element="HEADING"
            data-testid="schedule-manager-title"
          >
            Schedule manager
          </h3>
          <div
            class="schedule-manager-info-text css-1xorfws"
            data-paste-element="BOX"
          >
            <div
              data-testid="disclosure"
            >
              <div
                data-testid="disclosure-heading"
              >
                Setting up open and closed hours
              </div>
              <div
                data-testid="disclosure-content"
              >
                <ul
                  class="css-17dge34"
                  data-paste-element="UNORDERED_LIST"
                >
                  <li
                    class="css-1t0yrln"
                    data-paste-element="LIST_ITEM"
                  >
                    Create a schedule for each team of agents that operate in the same hours.
                  </li>
                  <li
                    class="css-1t0yrln"
                    data-paste-element="LIST_ITEM"
                  >
                    A schedule is a collection of rules. A rule can define when the contact center is open, like: Open Monday - Friday 8am - 5pm every week. Or closed, like: Closed December 25th every year.
                  </li>
                  <li
                    class="css-1t0yrln"
                    data-paste-element="LIST_ITEM"
                  >
                    Rule are processed in the order in which they are listed in the schedule.
                  </li>
                </ul>
              </div>
            </div>
          </div>
        </div>
        <div
          class="css-12nie3k"
        >
          <div
            class="css-tfro19"
            data-paste-element="STACK"
          >
            <div
              class="css-ci45q"
              data-paste-element="STACK_CHILD"
            >
              <button
                aria-busy="false"
                class="css-eeqvux"
                data-paste-element="BUTTON"
                disabled=""
                type="button"
              >
                <span
                  class="css-z6jp9v"
                  data-paste-element="BOX"
                >
                  Publish changes
                </span>
              </button>
            </div>
            <div
              class="css-roynbj"
              data-paste-element="STACK_CHILD"
            >
              <button
                aria-busy="false"
                class="css-jvdf5z"
                data-paste-element="BUTTON"
                disabled=""
                type="button"
              >
                <span
                  class="css-z6jp9v"
                  data-paste-element="BOX"
                >
                  Cancel
                </span>
              </button>
            </div>
          </div>
        </div>
        <div
          data-testid="toaster"
        />
      </div>
    </div>
  </body>,
  "container": <div>
    <div
      class="css-zylmng"
    >
      <div
        class="css-b3ml4e"
      >
        <h3
          class="css-n8ur01"
          data-paste-element="HEADING"
          data-testid="schedule-manager-title"
        >
          Schedule manager
        </h3>
        <div
          class="schedule-manager-info-text css-1xorfws"
          data-paste-element="BOX"
        >
          <div
            data-testid="disclosure"
          >
            <div
              data-testid="disclosure-heading"
            >
              Setting up open and closed hours
            </div>
            <div
              data-testid="disclosure-content"
            >
              <ul
                class="css-17dge34"
                data-paste-element="UNORDERED_LIST"
              >
                <li
                  class="css-1t0yrln"
                  data-paste-element="LIST_ITEM"
                >
                  Create a schedule for each team of agents that operate in the same hours.
                </li>
                <li
                  class="css-1t0yrln"
                  data-paste-element="LIST_ITEM"
                >
                  A schedule is a collection of rules. A rule can define when the contact center is open, like: Open Monday - Friday 8am - 5pm every week. Or closed, like: Closed December 25th every year.
                </li>
                <li
                  class="css-1t0yrln"
                  data-paste-element="LIST_ITEM"
                >
                  Rule are processed in the order in which they are listed in the schedule.
                </li>
              </ul>
            </div>
          </div>
        </div>
      </div>
      <div
        class="css-12nie3k"
      >
        <div
          class="css-tfro19"
          data-paste-element="STACK"
        >
          <div
            class="css-ci45q"
            data-paste-element="STACK_CHILD"
          >
            <button
              aria-busy="false"
              class="css-eeqvux"
              data-paste-element="BUTTON"
              disabled=""
              type="button"
            >
              <span
                class="css-z6jp9v"
                data-paste-element="BOX"
              >
                Publish changes
              </span>
            </button>
          </div>
          <div
            class="css-roynbj"
            data-paste-element="STACK_CHILD"
          >
            <button
              aria-busy="false"
              class="css-jvdf5z"
              data-paste-element="BUTTON"
              disabled=""
              type="button"
            >
              <span
                class="css-z6jp9v"
                data-paste-element="BOX"
              >
                Cancel
              </span>
            </button>
          </div>
        </div>
      </div>
      <div
        data-testid="toaster"
      />
    </div>
  </div>,
  "debug": [Function],
  "findAllByAltText": [Function],
  "findAllByDisplayValue": [Function],
  "findAllByLabelText": [Function],
  "findAllByPlaceholderText": [Function],
  "findAllByRole": [Function],
  "findAllByTestId": [Function],
  "findAllByText": [Function],
  "findAllByTitle": [Function],
  "findByAltText": [Function],
  "findByDisplayValue": [Function],
  "findByLabelText": [Function],
  "findByPlaceholderText": [Function],
  "findByRole": [Function],
  "findByTestId": [Function],
  "findByText": [Function],
  "findByTitle": [Function],
  "getAllByAltText": [Function],
  "getAllByDisplayValue": [Function],
  "getAllByLabelText": [Function],
  "getAllByPlaceholderText": [Function],
  "getAllByRole": [Function],
  "getAllByTestId": [Function],
  "getAllByText": [Function],
  "getAllByTitle": [Function],
  "getByAltText": [Function],
  "getByDisplayValue": [Function],
  "getByLabelText": [Function],
  "getByPlaceholderText": [Function],
  "getByRole": [Function],
  "getByTestId": [Function],
  "getByText": [Function],
  "getByTitle": [Function],
  "queryAllByAltText": [Function],
  "queryAllByDisplayValue": [Function],
  "queryAllByLabelText": [Function],
  "queryAllByPlaceholderText": [Function],
  "queryAllByRole": [Function],
  "queryAllByTestId": [Function],
  "queryAllByText": [Function],
  "queryAllByTitle": [Function],
  "queryByAltText": [Function],
  "queryByDisplayValue": [Function],
  "queryByLabelText": [Function],
  "queryByPlaceholderText": [Function],
  "queryByRole": [Function],
  "queryByTestId": [Function],
  "queryByText": [Function],
  "queryByTitle": [Function],
  "rerender": [Function],
  "unmount": [Function],
}
`;
