// Jest Snapshot v1, https://goo.gl/fbAQLP

exports[`<RuleEditor> should render component 1`] = `null`;
