// Jest Snapshot v1, https://goo.gl/fbAQLP

exports[`<RuleDataTable> should render component 1`] = `
{
  "asFragment": [Function],
  "baseElement": <body>
    <div>
      <div
        id="rule-data-table-root"
      >
        <div
          class="css-cuork0"
          data-paste-element="BOX"
        >
          <button
            aria-busy="false"
            class="css-eeqvux"
            data-paste-element="BUTTON"
            data-testid="create-rule-btn"
            disabled=""
            type="button"
          >
            <span
              class="css-z6jp9v"
              data-paste-element="BOX"
            >
              <span
                class="css-144s81u"
                data-paste-element="ICON"
              >
                <svg
                  aria-hidden="true"
                  aria-labelledby="PlusIcon-1"
                  height="100%"
                  role="img"
                  viewBox="0 0 20 20"
                  width="100%"
                  xmlns="http://www.w3.org/2000/svg"
                >
                  <path
                    d="M15.043 9.043h-4.086V4.957a.958.958 0 00-1.914 0v4.086H4.957a.958.958 0 000 1.914h4.086v4.086a.958.958 0 001.914 0v-4.086h4.086a.958.958 0 000-1.914z"
                    fill="currentColor"
                    fill-rule="evenodd"
                  />
                </svg>
              </span>
              Create new rule
            </span>
          </button>
        </div>
        <div
          class="css-1fha43i"
        />
      </div>
    </div>
  </body>,
  "container": <div>
    <div
      id="rule-data-table-root"
    >
      <div
        class="css-cuork0"
        data-paste-element="BOX"
      >
        <button
          aria-busy="false"
          class="css-eeqvux"
          data-paste-element="BUTTON"
          data-testid="create-rule-btn"
          disabled=""
          type="button"
        >
          <span
            class="css-z6jp9v"
            data-paste-element="BOX"
          >
            <span
              class="css-144s81u"
              data-paste-element="ICON"
            >
              <svg
                aria-hidden="true"
                aria-labelledby="PlusIcon-1"
                height="100%"
                role="img"
                viewBox="0 0 20 20"
                width="100%"
                xmlns="http://www.w3.org/2000/svg"
              >
                <path
                  d="M15.043 9.043h-4.086V4.957a.958.958 0 00-1.914 0v4.086H4.957a.958.958 0 000 1.914h4.086v4.086a.958.958 0 001.914 0v-4.086h4.086a.958.958 0 000-1.914z"
                  fill="currentColor"
                  fill-rule="evenodd"
                />
              </svg>
            </span>
            Create new rule
          </span>
        </button>
      </div>
      <div
        class="css-1fha43i"
      />
    </div>
  </div>,
  "debug": [Function],
  "findAllByAltText": [Function],
  "findAllByDisplayValue": [Function],
  "findAllByLabelText": [Function],
  "findAllByPlaceholderText": [Function],
  "findAllByRole": [Function],
  "findAllByTestId": [Function],
  "findAllByText": [Function],
  "findAllByTitle": [Function],
  "findByAltText": [Function],
  "findByDisplayValue": [Function],
  "findByLabelText": [Function],
  "findByPlaceholderText": [Function],
  "findByRole": [Function],
  "findByTestId": [Function],
  "findByText": [Function],
  "findByTitle": [Function],
  "getAllByAltText": [Function],
  "getAllByDisplayValue": [Function],
  "getAllByLabelText": [Function],
  "getAllByPlaceholderText": [Function],
  "getAllByRole": [Function],
  "getAllByTestId": [Function],
  "getAllByText": [Function],
  "getAllByTitle": [Function],
  "getByAltText": [Function],
  "getByDisplayValue": [Function],
  "getByLabelText": [Function],
  "getByPlaceholderText": [Function],
  "getByRole": [Function],
  "getByTestId": [Function],
  "getByText": [Function],
  "getByTitle": [Function],
  "queryAllByAltText": [Function],
  "queryAllByDisplayValue": [Function],
  "queryAllByLabelText": [Function],
  "queryAllByPlaceholderText": [Function],
  "queryAllByRole": [Function],
  "queryAllByTestId": [Function],
  "queryAllByText": [Function],
  "queryAllByTitle": [Function],
  "queryByAltText": [Function],
  "queryByDisplayValue": [Function],
  "queryByLabelText": [Function],
  "queryByPlaceholderText": [Function],
  "queryByRole": [Function],
  "queryByTestId": [Function],
  "queryByText": [Function],
  "queryByTitle": [Function],
  "rerender": [Function],
  "unmount": [Function],
}
`;
